### MODERATE 25, --mode build
2026-09-06T10:51:46+05:30
Loading search backend...
  planning aspirin ... (1/25)
  planning paracetamol ... (2/25)
  planning ibuprofen ... (3/25)
  planning benzocaine ... (4/25)
  planning phenacetin ... (5/25)
  planning salicylamide ... (6/25)
  planning procaine ... (7/25)
  planning lidocaine ... (8/25)
  planning naproxen ... (9/25)
  planning ketoprofen ... (10/25)
  planning acetanilide ... (11/25)
  planning methyl salicylate ... (12/25)
  planning caffeine ... (13/25)
  planning theophylline ... (14/25)
  planning vanillin ... (15/25)
  planning diphenhydramine ... (16/25)
  planning diclofenac ... (17/25)
  planning flurbiprofen ... (18/25)
  planning mefenamic acid ... (19/25)
  planning phenylbutazone ... (20/25)
  planning gabapentin ... (21/25)
  planning pregabalin ... (22/25)
  planning metformin ... (23/25)
  planning atenolol ... (24/25)
  planning indomethacin ... (25/25)

=== feasibility-led ===
targets 25   solve-rate 0.84   avg route length 2.24   REAGENT changed the pick on 12 target(s)
  solved by building 0.84 (solve-rate 0.84 counts routes that buy the answer)
  largest leaf 0.52 of the target on average; 0 route(s) buy an advanced intermediate (>= 0.80) rather than build from building blocks
  weight-free compromise agrees with the weighted pick on 4/25; its largest leaf 0.52
  objective          baseline    REAGENT  compromise
  safety                0.335      0.443       0.371
  sustainability        0.847      0.851       0.799
  cost                  0.498      0.561       0.463

=== safety-tilted ===
targets 25   solve-rate 0.84   avg route length 2.33   REAGENT changed the pick on 13 target(s)
  solved by building 0.84 (solve-rate 0.84 counts routes that buy the answer)
  largest leaf 0.52 of the target on average; 0 route(s) buy an advanced intermediate (>= 0.80) rather than build from building blocks
  weight-free compromise agrees with the weighted pick on 4/25; its largest leaf 0.52
  objective          baseline    REAGENT  compromise
  safety                0.335      0.483       0.371
  sustainability        0.847      0.851       0.799
  cost                  0.498      0.542       0.463

=== build-it-yourself ===
targets 25   solve-rate 0.84   avg route length 2.29   REAGENT changed the pick on 12 target(s)
  solved by building 0.84 (solve-rate 0.84 counts routes that buy the answer)
  largest leaf 0.51 of the target on average; 0 route(s) buy an advanced intermediate (>= 0.80) rather than build from building blocks
  weight-free compromise agrees with the weighted pick on 4/25; its largest leaf 0.52
  objective          baseline    REAGENT  compromise
  safety                0.335      0.417       0.371
  sustainability        0.847      0.866       0.799
  cost                  0.498      0.553       0.463

=== source-led ===
targets 25   solve-rate 0.84   avg route length 2.19   REAGENT changed the pick on 14 target(s)
  solved by building 0.84 (solve-rate 0.84 counts routes that buy the answer)
  largest leaf 0.52 of the target on average; 0 route(s) buy an advanced intermediate (>= 0.80) rather than build from building blocks
  weight-free compromise agrees with the weighted pick on 3/25; its largest leaf 0.52
  objective          baseline    REAGENT  compromise
  safety                0.335      0.442       0.371
  sustainability        0.847      0.843       0.799
  cost                  0.498      0.570       0.463
### HARD 24, --mode build
2026-09-06T12:06:00+05:30
Loading search backend...
  planning fluoxetine ... (1/24)
  planning sertraline ... (2/24)
  planning diazepam ... (3/24)
  planning warfarin ... (4/24)
  planning celecoxib ... (5/24)
  planning sumatriptan ... (6/24)
  planning chlorpromazine ... (7/24)
  planning venlafaxine ... (8/24)
  planning propranolol ... (9/24)
  planning ketamine ... (10/24)
  planning bupropion ... (11/24)
  planning lamotrigine ... (12/24)
  planning tramadol ... (13/24)
  planning clopidogrel ... (14/24)
  planning omeprazole ... (15/24)
  planning fluconazole ... (16/24)
  planning citalopram ... (17/24)
  planning ondansetron ... (18/24)
  planning ciprofloxacin ... (19/24)
  planning donepezil ... (20/24)
  planning ezetimibe ... (21/24)
  planning losartan ... (22/24)
  planning sildenafil ... (23/24)
  planning amlodipine ... (24/24)

=== feasibility-led ===
targets 24   solve-rate 0.92   avg route length 2.45   REAGENT changed the pick on 11 target(s)
  solved by building 0.92 (solve-rate 0.92 counts routes that buy the answer)
  largest leaf 0.50 of the target on average; 0 route(s) buy an advanced intermediate (>= 0.80) rather than build from building blocks
  weight-free compromise agrees with the weighted pick on 0/24; its largest leaf 0.52
  objective          baseline    REAGENT  compromise
  safety                0.468      0.551       0.416
  sustainability        0.874      0.889       0.834
  cost                  0.447      0.483       0.405

=== safety-tilted ===
targets 24   solve-rate 0.92   avg route length 2.41   REAGENT changed the pick on 13 target(s)
  solved by building 0.92 (solve-rate 0.92 counts routes that buy the answer)
  largest leaf 0.49 of the target on average; 0 route(s) buy an advanced intermediate (>= 0.80) rather than build from building blocks
  weight-free compromise agrees with the weighted pick on 0/24; its largest leaf 0.52
  objective          baseline    REAGENT  compromise
  safety                0.468      0.567       0.416
  sustainability        0.874      0.883       0.834
  cost                  0.447      0.485       0.405

=== build-it-yourself ===
targets 24   solve-rate 0.92   avg route length 2.45   REAGENT changed the pick on 14 target(s)
  solved by building 0.92 (solve-rate 0.92 counts routes that buy the answer)
  largest leaf 0.48 of the target on average; 0 route(s) buy an advanced intermediate (>= 0.80) rather than build from building blocks
  weight-free compromise agrees with the weighted pick on 0/24; its largest leaf 0.52
  objective          baseline    REAGENT  compromise
  safety                0.468      0.515       0.416
  sustainability        0.874      0.889       0.834
  cost                  0.447      0.480       0.405

=== source-led ===
targets 24   solve-rate 0.92   avg route length 2.27   REAGENT changed the pick on 15 target(s)
  solved by building 0.92 (solve-rate 0.92 counts routes that buy the answer)
  largest leaf 0.52 of the target on average; 0 route(s) buy an advanced intermediate (>= 0.80) rather than build from building blocks
  weight-free compromise agrees with the weighted pick on 1/24; its largest leaf 0.52
  objective          baseline    REAGENT  compromise
  safety                0.468      0.547       0.416
  sustainability        0.874      0.889       0.834
  cost                  0.447      0.494       0.405
### DONE
2026-09-06T13:17:33+05:30
